"blank"				"=========================="
"blank"				"#KB_Game"
"blank"				"=========================="
"changeteam"		"#KB_ChangeTeam"
"changesquad"		"#KB_ChangeSquad"
"changeinventory"	"#KB_ChangeInventory"
"+score"			"#KB_DisplayScoreBoard"
"hud_toggle_floating" 	"#KB_ToggleFloating"
"+tacticalmap"		"#KB_TacticalMap"
"blank"				"=========================="
"blank"				"#KB_Movement"
"blank"				"=========================="
"+forward"			"#KB_MoveForward"
"+back"				"#KB_MoveBack"
"+moveleft"			"#KB_MoveLeft"
"+moveright" 		"#KB_MoveRight"
"+leanleft"			"#KB_LeanLeft"
"+leanright" 		"#KB_LeanRight"
"+duck"				"#KB_DuckHold"
"+toggle_duck"		"#KB_DuckToggle"
"+jump"				"#KB_Jump"
"+sprint"   		"#KB_SprintFocusHold"
"+toggle_sprint"	"#KB_SprintFocusToggle"
"+toggle_walk"		"#KB_WalkToggle"
"+walk"     		"#KB_WalkHold"
"+prone"			"#KB_Prone"
"+stance"			"#KB_ChangeStance"
"blank"				"=========================="
"blank"				"#KB_Combat"
"blank"				"=========================="
"+attack"			"#KB_Attack"
"+special2"			"#KB_IronsightsHold"
"+toggle_zoom"		"#KB_IronsightsToggle"
"+special1"			"#KB_SecondaryFire"
"+reload"			"#KB_Reload"
"+firemode"			"#KB_Firemode"
"+flashlight"		"#KB_Flashlight"
"+use"				"#KB_Use"
"+usereload"		"#KB_UseReload"
"+use_accessory"	"#KB_UseAccessory"
"blank"				"=========================="
"blank"				"#KB_Communications"
"blank"				"=========================="
"+voicerecord"		"#KB_Microphone"
"messagemode"		"#KB_Chat"
"messagemode2"		"#KB_TeamChat"
"+radialmenu"		"#KB_RadialMenu"
"+radialmenu leader" "#KB_RadialMenuLeader"
"toggleradialmenu"	"#KB_ToggleRadialMenu"
"toggleradialmenu leader" "#KB_ToggleRadialMenuLeader"
"+compass"			"#KB_Compass"
"togglecompass"		"#KB_CompassToggle"
"blank"				"=========================="
"blank"				"#KB_Inventory"
"blank"				"=========================="
"scrolldown"		"#KB_NextWeapon"
"scrollup"			"#KB_PrevWeapon"
"slot1"				"#KB_SelPrimary"
"slot2"				"#KB_SelSecondary"
"slot3"				"#KB_SelKnife"
"slot4"				"#KB_SelEquipment"
"toggleprimarysecondary" "#KB_TogglePrimarySecondary"
"blank"				"=========================="
"blank"				"#KB_RadialMenuOptions"
"blank"				"=========================="
"InsRadial enemy"			"#radial_mark_enemy"
"InsRadial moving"			"#radial_moving"
"InsRadial area_hostile"	"#radial_area_hostile"
"InsRadial need_backup"		"#radial_need_backup"
"InsRadial enemy_down"		"#radial_enemy_down"
"InsRadial covering"		"#radial_covering"
"InsRadial area_clear"		"#radial_area_clear"
"InsRadial ontheway"		"#radial_ontheway"
"InsRadial mark_objective"	"#radial_mark_objective"
"InsRadial affirmative"		"#radial_affirmative"
"InsRadial negative"		"#radial_negative"

"InsRadial watch_area"		"#radial_watch_area"
"InsRadial cease_fire"		"#radial_cease_fire"
"InsRadial stick_together"	"#radial_stick_together"
"InsRadial spread_out"		"#radial_spread_out"
"InsRadial flank_left"		"#radial_flank_left"
"InsRadial flank_right"		"#radial_flank_right"
"InsRadial hold_position"	"#radial_hold_position"
"InsRadial go"				"#radial_go"
"InsRadial report_status"	"#radial_report_status"

"blank"				"=========================="
"blank"				"#KB_Misc"
"blank"				"=========================="
"jpeg"				"#KB_Screenshot"
"toggleconsole"		"#KB_Console"
"quit"				"#KB_Quit"