"w"				"+forward"
"UPARROW"		"+forward"
"s"				"+back"
"DOWNARROW"		"+back"
"LEFTARROW"		"+left"
"RIGHTARROW"	"+right"
"z"				"+prone"
"a"				"+moveleft"
"d"				"+moveright"
"."				"changeteam"
","				"changesquad"
"m"				"changeinventory"
"SPACE"			"+jump"
"r"				"+reload"
"CTRL"			"+toggle_duck"
"q"				"+leanleft"
"e"				"+leanright"
"PGUP"			"+lookup"
"PGDN"			"+lookdown"
"END"			"centerview"
"z"				"+strafe"
"r"				"+reload"
"SHIFT"			"+sprint"
"MOUSE1"		"+attack"
"MOUSE2"		"+toggle_zoom"
"MOUSE3"		"+special1"
"x"				"+firemode"
"g"				"+flashlight"
"F5"			"jpeg"
"ESCAPE"		"escape"
"~"				"toggleconsole"
"`"				"toggleconsole"
"y"				"messagemode"
"u"				"messagemode2"
"n"				"+tacticalmap"
"g"				"+flashlight"
"f"				"+use"
"k"				"+voicerecord"
"ALT"			"+toggle_walk"
"0"				"slot0"
"1"				"slot1"
"2"				"slot2"
"3"				"slot3"
"4"				"slot4"
"5"				"slot5"
"6"				"slot6"
"7"				"slot7"
"8"				"slot8"
"9"				"slot9"
"c"				"+radialmenu"
"b"				"+use_accessory"